{
  "session_id": "abc123",
  "transcript_path": "/home/user/.claude/projects/.../transcript.jsonl",
  "cwd": "/home/user/my-project",
  "permission_mode": "default",
  "hook_event_name": "PreToolUse",
  "tool_name": "Write",
  "tool_input": {
    "file_path": "/home/user/my-project/specs/architecture.md",
    "content": $(cat "claude-3PO/templates/tests/architecture.md"),
  }
}